// Jest Snapshot v1, https://goo.gl/fbAQLP

exports[`<FormBase/> should match snapshot 1`] = `
<form
  className="form-base"
  data-test="component-form-base"
  encType="multipart/form-data"
  id="test-search-form"
  onSubmit={[Function]}
>
  <div
    className="form-base__group"
    key="0"
  >
    <legend
      className="form-base__legend"
    >
      FormBase Legend
    </legend>
    <p
      className="form-base__description"
    >
      some text here
    </p>
    <Row
      className="form-base__row"
      column={false}
      reverse={false}
      row={true}
    >
      <Flex
        auto={false}
        col={12}
        key="0"
        lg={false}
        md={false}
        sm={false}
        type="div"
        xl={false}
        xs={false}
      >
        <FormField
          className="form-base__form-field"
        >
          <InputField
            className="form-base__input-field"
            disabled={false}
            label="label-1"
            lg={false}
            max={null}
            md={false}
            min={null}
            name="test-1"
            placeholder="placeholder-1"
            sm={false}
            type="text"
          />
        </FormField>
      </Flex>
      <Flex
        auto={false}
        col={12}
        key="1"
        lg={false}
        md={false}
        sm={false}
        type="div"
        xl={false}
        xs={false}
      >
        <FormField
          className="form-base__form-field"
        >
          <SelectField
            className="form-base__select-field"
            label="label-2"
            name="test-2"
            options={
              Array [
                Object {
                  "name": "option-name",
                  "value": "option-value",
                },
              ]
            }
            placeholder="placeholder-1"
          />
        </FormField>
      </Flex>
      <Flex
        auto={false}
        col={12}
        key="2"
        lg={false}
        md={false}
        sm={false}
        type="div"
        xl={false}
        xs={false}
      >
        <FormField
          className="form-base__form-field"
        >
          <FileUpload
            className="form-base__file-upload"
            name="file-name"
            placeholder="file-placeholder"
          />
        </FormField>
      </Flex>
    </Row>
  </div>
  <Row
    className="form-base__row"
    column={false}
    reverse={false}
    row={true}
  >
    <Flex
      auto={true}
      key="0"
      lg={false}
      md={false}
      sm={false}
      type="div"
      xl={false}
      xs={false}
    >
      <FormField
        className="form-base__buttons"
      >
        <Button
          behavior="action"
          caps={false}
          className="form-base__button"
          size="md"
          theme="brand"
          type="submit"
        >
          Submit Form
        </Button>
      </FormField>
    </Flex>
    <Flex
      auto={true}
      key="1"
      lg={false}
      md={false}
      sm={false}
      type="div"
      xl={false}
      xs={false}
    >
      <FormField
        className="form-base__buttons"
      >
        <Button
          behavior="action"
          caps={false}
          className="form-base__button"
          size="md"
          theme="beta"
          type="reset"
        >
          Reset Form
        </Button>
      </FormField>
    </Flex>
  </Row>
</form>
`;
