// Jest Snapshot v1, https://goo.gl/fbAQLP

exports[`<PrimaryMenu/> should match snapshot 1`] = `
<mockConstructor
  data-test="component-primary-menu-query"
  render={[Function]}
/>
`;

exports[`<PrimaryMenu/> should match snapshot 2`] = `
<Fragment>
  <HelmetWrapper
    defer={true}
    encodeSpecialCharacters={true}
  >
    <body
      className=""
    />
  </HelmetWrapper>
  <nav
    className="primary-menu"
    data-test="component-primary-menu"
  >
    <div
      className="primary-menu__overlay"
      onClick={[Function]}
      role="button"
    />
    <div
      className="primary-menu__inner"
    >
      <mockConstructor
        className="primary-menu__brand-link"
        to="/"
      >
        <Brand
          center={true}
          classes="primary-menu__brand"
          left={true}
          right={false}
          type="character"
        />
      </mockConstructor>
      <ul
        className="primary-menu__list"
      >
        <MenuItem
          classes="primary-menu__item"
          item={
            Object {
              "attr": "attr",
              "classes": "classes",
              "object_slug": "slug",
              "order": "1",
              "title": "title",
              "url": "url",
            }
          }
          key="1"
          onClick={[Function]}
        >
          title
           
          <FontAwesomeIcon
            border={false}
            className="primary-menu__icon"
            fixedWidth={false}
            flip={null}
            icon={
              Array [
                "far",
                "chevron-right",
              ]
            }
            inverse={false}
            listItem={false}
            mask={null}
            pull={null}
            pulse={false}
            rotation={null}
            size={null}
            spin={false}
            symbol={false}
            title=""
            transform={null}
          />
        </MenuItem>
      </ul>
      <SocialMenu
        classes="primary-menu__social"
      />
    </div>
  </nav>
</Fragment>
`;
