// Jest Snapshot v1, https://goo.gl/fbAQLP

exports[`<PrimaryMenu/> should match snapshot 1`] = `
<mockConstructor
  data-test="component-primary-menu-query"
  render={[Function]}
/>
`;

exports[`<PrimaryMenu/> should match snapshot 2`] = `
<Fragment>
  <HelmetWrapper
    defer={true}
    encodeSpecialCharacters={true}
  >
    <body
      className=""
    />
  </HelmetWrapper>
  <nav
    className="primary-menu"
    data-test="component-primary-menu"
  >
    <button
      className="primary-menu__overlay"
      onClick={[Function]}
      type="button"
    />
    <div
      className="primary-menu__inner"
    >
      <Brand
        center={true}
        classes="primary-menu__brand"
        left={true}
        right={false}
        type="character"
      />
      <ul
        className="primary-menu__list"
      >
        <MenuItem
          classes="primary-menu__item"
          item={
            Object {
              "object_slug": "slug",
              "title": "title",
            }
          }
          key="0"
          onClick={[Function]}
        >
          title
           
          <FontAwesomeIcon
            border={false}
            className="primary-menu__icon"
            fixedWidth={false}
            flip={null}
            icon={
              Array [
                "far",
                "chevron-right",
              ]
            }
            inverse={false}
            listItem={false}
            mask={null}
            pull={null}
            pulse={false}
            rotation={null}
            size={null}
            spin={false}
            symbol={false}
            title=""
            transform={null}
          />
        </MenuItem>
      </ul>
    </div>
  </nav>
</Fragment>
`;
