// Jest Snapshot v1, https://goo.gl/fbAQLP

exports[`<BasicLayout/> should match snapshot 1`] = `
<Fragment>
  <SEO
    description="Default description"
    keywords={Array []}
    lang="en"
    meta={Array []}
    title="Default Title"
  />
  <main
    className="primary-main"
    data-test="basic-layout-main"
  >
    Hello
  </main>
</Fragment>
`;
