// Jest Snapshot v1, https://goo.gl/fbAQLP

exports[`<BasicLayout/> should match snapshot 1`] = `
<Fragment>
  <SEO
    description="Default description"
    keywords={
      Array [
        "Devesaurus",
        "Dev thesaurus",
        "Dev dictionary",
        "Joel Pierre",
        "Joel Pierre-Powell",
      ]
    }
    lang="en"
    meta={Array []}
    ogType="website"
    title="Default Title"
  />
  <Connect(PrimaryMenu)
    isMenuOpen={false}
  />
  <div
    className="push-wrapper"
    id="push-wrapper"
  >
    <Connect(SimpleHeader) />
    <main
      className="primary-main"
      data-test="basic-layout-main"
    >
      Hello
    </main>
    <PrimaryFooter
      company="Devesaurus"
    />
  </div>
</Fragment>
`;
