// Jest Snapshot v1, https://goo.gl/fbAQLP

exports[`<CoreLayout/> should match snapshot 1`] = `
<Fragment>
  <SEO
    description="Default description"
    keywords={
      Array [
        "Devesaurus",
        "Dev thesaurus",
        "Dev dictionary",
        "Joel Pierre",
        "Joel Pierre-Powell",
      ]
    }
    lang="en"
    meta={Array []}
    ogType="website"
    title="Default Title"
  />
  <PrimaryHeader />
  <main
    className="primary-main"
    data-test="core-layout-main"
  >
    Hello
  </main>
  <PrimaryFooter
    company="Replace Company Name"
  />
</Fragment>
`;
