// Jest Snapshot v1, https://goo.gl/fbAQLP

exports[`<Index/> should match snapshot 1`] = `
<BasicLayout
  className={null}
  data-test="page-index"
  description="Default description"
  isMenuOpen={false}
  title="Find a word"
>
  <HeroSearch
    title="Devesaurus"
  />
  <mockConstructor
    render={[Function]}
  />
</BasicLayout>
`;
