// Jest Snapshot v1, https://goo.gl/fbAQLP

exports[`<Index/> should match snapshot 1`] = `
<BasicLayout
  classes={null}
  data-test="page-index"
  description="Default description"
  title="Devesaurus Home"
>
  <HeroSearch
    title="Devesaurus"
  />
  <mockConstructor
    render={[Function]}
  />
</BasicLayout>
`;
