// Jest Snapshot v1, https://goo.gl/fbAQLP

exports[`<HeroSearch/> should match snapshot 1`] = `
<Section
  classes="hero-search"
  contrast={false}
  theme={null}
  type="section"
>
  <Container
    classes={null}
    data-test="component-hero-search"
    fluid={false}
  >
    <Row
      classes={null}
      column={false}
      reverse={false}
      row={true}
    >
      <Flex
        auto={false}
        classes="mx-auto"
        colLg={8}
        colMd={10}
        colXl={8}
        lg={false}
        md={false}
        sm={false}
        type="div"
        xl={false}
        xs={false}
      >
        <div
          className="hero-search__wrapper"
        >
          <Brand
            center={true}
            classes="hero-search__brand"
            left={true}
            right={false}
            type="logo"
          />
          <InputField
            classes="hero-search__input"
            disabled={false}
            label={null}
            lg={false}
            max={null}
            md={false}
            min={null}
            name="hero-search"
            placeholder="Enter a search term. e.g. HTML"
            sm={false}
            type="text"
          />
        </div>
      </Flex>
    </Row>
  </Container>
</Section>
`;
