// Jest Snapshot v1, https://goo.gl/fbAQLP

exports[`<WordTemplate/> should match snapshot 1`] = `
<CoreLayout
  classes="word word__test-slug"
  data-test="template-word"
  description=""
  headerTitle="test <span class=\\"ml-1\\">[test]</span>"
  onGetSiteMeta={[Function]}
  onGetSiteOptions={[Function]}
  title="test"
>
  <Section
    classes={null}
    contrast={false}
    theme={null}
    type="section"
  >
    <Container
      classes={null}
      fluid={false}
    >
      <Row
        classes={null}
        column={false}
        reverse={false}
        row={true}
      >
        <Flex
          classes="flex"
          col={null}
          colLg={null}
          colMd={null}
          colSm={null}
          colXl={null}
          colXs={null}
          lg={false}
          md={false}
          sm={false}
          type="div"
          xl={false}
          xs={false}
        >
          <Heading
            classes="text-center mt-1"
            priority="1"
          >
            test
          </Heading>
          <FormBase
            formGroups={
              Array [
                Object {
                  "fieldSet": Object {
                    "description": "some text here",
                    "fields": Array [
                      Object {
                        "columns": Object {
                          "colMd": 6,
                        },
                        "input": Object {
                          "label": "label-1",
                          "name": "test-1",
                          "placeholder": "placeholder-1",
                          "type": "text",
                        },
                        "type": "input",
                      },
                      Object {
                        "columns": Object {
                          "colMd": 6,
                        },
                        "input": Object {
                          "label": "label-2",
                          "name": "test-2",
                          "options": Array [
                            Object {
                              "name": "option-name",
                              "value": "option-value",
                            },
                          ],
                          "placeholder": "placeholder-1",
                        },
                        "type": "select",
                      },
                      Object {
                        "columns": Object {},
                        "input": Object {
                          "name": "file-name",
                          "placeholder": "file-placeholder",
                        },
                        "type": "file",
                      },
                    ],
                    "legend": "FormBase Legend",
                  },
                },
              ]
            }
          />
        </Flex>
      </Row>
    </Container>
  </Section>
</CoreLayout>
`;
