// Jest Snapshot v1, https://goo.gl/fbAQLP

exports[`<WordTemplate/> should match snapshot 1`] = `
<CoreLayout
  className="word word__test-slug"
  data-test="template-word"
  description=""
  headerTitle="test <span>:: definition</span>"
  isMenuOpen={false}
  title="test"
>
  <Section
    className={null}
    contrast={false}
    theme={null}
    type="section"
  >
    <Container
      className={null}
      fluid={false}
    >
      <Row
        className={null}
        column={false}
        reverse={false}
        row={true}
      >
        <Flex
          auto={false}
          colLg={7}
          lg={false}
          md={false}
          sm={false}
          type="div"
          xl={false}
          xs={false}
        >
          <Heading
            className="word__heading"
            innerHTML={false}
            priority={1}
          >
            test
          </Heading>
          <p
            className="word__pronunciation word__copy"
          >
            <strong>
              Pronunciation:
            </strong>
             [
            test
            ]
          </p>
          <p
            className="word__syllables word__copy"
          >
            <strong>
              Syllables:
            </strong>
            <span
              className="word__syllable"
              key="0"
            >
              test-item
            </span>
             
            (
            1
            )
          </p>
          <hr
            className="word__hr"
          />
          <Heading
            className="word__subheading"
            innerHTML={true}
            priority={3}
          >
            Definition
          </Heading>
          <p
            className="word__copy"
            dangerouslySetInnerHTML={
              Object {
                "__html": undefined,
              }
            }
          />
        </Flex>
        <Flex
          auto={false}
          className="ml-auto"
          colLg={4}
          lg={false}
          md={false}
          sm={false}
          type="div"
          xl={false}
          xs={false}
        >
          Ads or something?
        </Flex>
      </Row>
    </Container>
  </Section>
</CoreLayout>
`;
