// Jest Snapshot v1, https://goo.gl/fbAQLP

exports[`<WordTemplate/> should match snapshot 1`] = `
<CoreLayout
  className="word word__test-slug"
  data-test="template-word"
  description=""
  headerTitle="test <span>:: definition</span>"
  isMenuOpen={false}
  title="test"
>
  <Section
    className="word__section"
    contrast={true}
    theme={null}
    type="section"
  >
    <Container
      className={null}
      fluid={true}
    >
      <Row
        className={null}
        column={false}
        reverse={false}
        row={true}
      >
        <Flex
          auto={false}
          className="mx-auto"
          colLg={12}
          lg={false}
          md={false}
          sm={false}
          type="div"
          xl={false}
          xs={false}
        >
          <Row
            className={null}
            column={false}
            reverse={false}
            row={true}
          >
            <Flex
              auto={false}
              colLg={7}
              lg={false}
              md={false}
              sm={false}
              type="div"
              xl={false}
              xs={false}
            >
              <div
                className="word__panel"
              >
                <Heading
                  className="word__heading"
                  innerHTML={false}
                  priority={1}
                >
                  test
                </Heading>
                <p
                  className="word__pronunciation word__copy"
                >
                  <strong>
                    Pronunciation:
                  </strong>
                   [
                  test
                  ]
                </p>
                <p
                  className="word__syllables word__copy"
                >
                  <strong>
                    Syllables:
                  </strong>
                  <span
                    className="word__syllable"
                    key="0"
                  >
                    test-item
                  </span>
                   
                  (
                  1
                  )
                </p>
                <hr
                  className="word__hr"
                />
                <Heading
                  className="word__subheading"
                  innerHTML={true}
                  priority={3}
                >
                  Definition
                </Heading>
                <p
                  className="word__copy"
                  dangerouslySetInnerHTML={
                    Object {
                      "__html": undefined,
                    }
                  }
                />
              </div>
            </Flex>
            <Flex
              auto={false}
              className="ml-auto"
              colLg={4}
              lg={false}
              md={false}
              sm={false}
              type="div"
              xl={false}
              xs={false}
            >
              Ads or something?
            </Flex>
          </Row>
        </Flex>
      </Row>
    </Container>
  </Section>
  <Section
    className="word__section"
    contrast={false}
    theme="gradient-brand"
    type="section"
  >
    <Container
      className={null}
      fluid={true}
    >
      <Row
        className={null}
        column={false}
        reverse={false}
        row={true}
      >
        <Flex
          auto={false}
          className="text-center"
          lg={false}
          md={false}
          sm={false}
          type="div"
          xl={false}
          xs={false}
        >
          <h2>
            Some sort of banner for searching or something
          </h2>
          <p>
            Lorem ipsum dolor sit amet, consectetur adipisicing elit. Error inventore laboriosam omnis qui sed temporibus voluptates! Ex exercitationem, molestiae numquam quaerat quisquam voluptatem! Cupiditate ipsam minima nam placeat sunt suscipit!
          </p>
        </Flex>
      </Row>
    </Container>
  </Section>
</CoreLayout>
`;
