// Jest Snapshot v1, https://goo.gl/fbAQLP

exports[`<Hamburger/> should match snapshot 1`] = `
<button
  className="hamburger"
  data-test="component-hamburger"
  type="button"
>
  <span
    className="hamburger__line hamburger__line-theme--undefined"
  />
  <span
    className="hamburger__line hamburger__line-theme--undefined"
  />
  <span
    className="hamburger__line hamburger__line-theme--undefined"
  />
  <span
    className="hamburger__descriptor"
  />
</button>
`;
