// Jest Snapshot v1, https://goo.gl/fbAQLP

exports[`<Brand/> should match snapshot 1`] = `
<div
  className="brand brand--left"
  data-test="component-brand"
>
  <div
    className="brand__wrapper"
  >
    <SvgIcon
      center={false}
      classes="brand__logo brand__icon"
      description="An SVG Icon"
      fill="#000000"
      name="logo"
    />
    <SiteInfo
      classes={null}
    />
  </div>
</div>
`;
