// Jest Snapshot v1, https://goo.gl/fbAQLP

exports[`<InputField/> should match snapshot 1`] = `
<Fragment>
  <input
    aria-label="Input for test"
    className="input-field"
    data-test="component-input-field"
    defaultValue=""
    disabled={false}
    hidden={null}
    name="test"
    onBlur={null}
    onChange={null}
    onClick={null}
    onFocus={null}
    placeholder=""
    readOnly={false}
    type="text"
  />
</Fragment>
`;
