// Jest Snapshot v1, https://goo.gl/fbAQLP

exports[`<PrimaryHeader/> should match snapshot 1`] = `
<header
  data-test="component-primary-header"
>
  <div>
    <mockConstructor
      to="/"
    >
      <Brand
        center={false}
        classes={null}
        left={true}
        right={false}
        type="symbol"
      />
    </mockConstructor>
    <PrimaryMenu
      classes={null}
    />
  </div>
</header>
`;
