// Jest Snapshot v1, https://goo.gl/fbAQLP

exports[`<SocialItem/> should match snapshot 1`] = `
<Fragment>
  <li
    data-test="component-social-item"
  >
    <a
      aria-label="test-name"
      href="test-link"
      rel="noopener noreferrer"
      target="_blank"
    >
      <SvgIcon
        center={false}
        classes={null}
        description="An SVG Icon"
        fill="#000000"
        name="test-name"
      />
    </a>
  </li>
</Fragment>
`;
