// Jest Snapshot v1, https://goo.gl/fbAQLP

exports[`<SimpleHeader/> should match snapshot 1`] = `
<header
  className="simple-header"
  data-test="component-simple-header"
>
  <div
    className="simple-header__wrapper"
  >
    <Component
      className="simple-header__hamburger"
      descriptor="Menu"
      onClick={[Function]}
    />
  </div>
</header>
`;
