// Jest Snapshot v1, https://goo.gl/fbAQLP

exports[`<TaxonomyTemplate/> should match snapshot 1`] = `
<CoreLayout
  className="taxonomy taxonomy__test-taxonomy"
  data-test="template-taxonomy"
  description=""
  isMenuOpen={false}
  title="test"
>
  <Section
    className={null}
    contrast={false}
    theme={null}
    type="section"
  >
    <Container
      className={null}
      fluid={false}
    >
      <Row
        className={null}
        column={false}
        reverse={false}
        row={true}
      >
        <Flex
          auto={false}
          lg={false}
          md={false}
          sm={false}
          type="div"
          xl={false}
          xs={false}
        >
          <Heading
            className="text-center mb-0"
            innerHTML={true}
            priority="1"
          >
            test
          </Heading>
        </Flex>
      </Row>
    </Container>
  </Section>
</CoreLayout>
`;
