// Jest Snapshot v1, https://goo.gl/fbAQLP

exports[`<MenuItem/> should match snapshot 1`] = `
<li
  className="test-class menu-item"
  data-test="component-menu-item"
>
  <mockConstructor
    className="menu-item__link"
    key="Test Title"
    to="/test-title"
  >
    Test Title
  </mockConstructor>
</li>
`;
