// Jest Snapshot v1, https://goo.gl/fbAQLP

exports[`<WordCard/> should match snapShot 1`] = `
<article
  className="theme--tint-alpha"
  data-test="component-word-card"
>
  <header
    data-test="word-card-header"
  >
    <Heading
      classes={null}
      data-test="word-card-heading"
      priority="3"
    >
      title
    </Heading>
  </header>
  <div
    data-test="word-card-body"
  />
  <footer
    data-test="word-card-footer"
  >
    <Button
      action={null}
      behavior="router"
      data-test="word-card-button"
      link="/word/slug"
      size="md"
      text="Get definition"
      theme="brand"
    />
  </footer>
</article>
`;
