// Jest Snapshot v1, https://goo.gl/fbAQLP

exports[`<WordCard/> should match snapShot 1`] = `
<article
  className="theme--tint-alpha"
  data-test="component-word-card"
>
  <header>
    <h3
      data-test=""
    >
      title
    </h3>
  </header>
  <p />
  <p />
  <div>
    <Button
      action={null}
      behavior="router"
      link="/word/slug"
      size="md"
      text="Get definition"
      theme="brand"
    />
  </div>
</article>
`;
