// Jest Snapshot v1, https://goo.gl/fbAQLP

exports[`<PureSocialMenu/> should match snapshot 1`] = `
<nav
  className="social-menu"
  data-test="component-social-menu"
>
  <ul
    className="social-menu__list"
  >
    <SocialItem
      className="social-menu__item"
      link="facebook"
      name="facebook"
    />
    <SocialItem
      className="social-menu__item"
      link="twitter"
      name="twitter"
    />
    <SocialItem
      className="social-menu__item"
      link="instagram"
      name="instagram"
    />
    <SocialItem
      className="social-menu__item"
      link="linkedin"
      name="linkedin"
    />
  </ul>
</nav>
`;
