// Jest Snapshot v1, https://goo.gl/fbAQLP

exports[`<WordTemplate/> should match snapshot 1`] = `
<CoreLayout
  classes={null}
  data-test="component-word-template"
  description="Default description"
  onGetSiteMeta={[Function]}
  onGetSiteOptions={[Function]}
  title="Default Title"
>
  <Section
    classes={null}
    contrast={false}
    type="section"
  >
    <Container
      fluid={false}
    >
      <Row
        column={false}
        reverse={false}
        row={true}
      >
        <Flex
          classes="flex"
          col={null}
          colLg={null}
          colMd={null}
          colSm={null}
          colXl={null}
          colXs={null}
          lg={false}
          md={false}
          sm={false}
          type="div"
          xl={false}
          xs={false}
        >
          <Heading
            classes="text-center mt-1"
            priority="1"
          />
        </Flex>
      </Row>
    </Container>
  </Section>
</CoreLayout>
`;
