// Jest Snapshot v1, https://goo.gl/fbAQLP

exports[`<FooterMenu/> should match snapshot 1`] = `
<mockConstructor
  data-test="component-footer-menu-query"
  render={[Function]}
/>
`;

exports[`<FooterMenu/> should match snapshot 2`] = `
<nav
  className="footer-menu undefined"
  data-test="component-footer-menu"
>
  <ul
    className="footer-menu__list"
  >
    <MenuItem
      classes="footer-menu__item"
      item={
        Object {
          "attr": "attr",
          "classes": "classes",
          "object_slug": "slug",
          "order": "1",
          "title": "title",
          "url": "url",
        }
      }
      key="slug"
    />
  </ul>
</nav>
`;
